// Vitest Snapshot v1, https://vitest.dev/guide/snapshot.html

exports[`Given Loader component > when rendered, should match snapshot 1`] = `
<DocumentFragment>
  <div
    class="_loader_bf668d"
  />
</DocumentFragment>
`;
