// Vitest Snapshot v1, https://vitest.dev/guide/snapshot.html

exports[`Given App component > when rendered, should match snapshot 1`] = `
<DocumentFragment>
  <section
    class="_main_6d1f25"
  >
    <div
      class="_loader_bf668d"
    />
  </section>
</DocumentFragment>
`;
